===== I2: a document created from scratch must not be world-readable
Imported profile: fresh
-rw------- 1 diogo diogo 207 jul 29 11:25 /tmp/tmp.arEwbyb9d0/clihome2/.omo/omo.json

===== runtime error on a RunE command prints the usage block?
BEGIN-WEB-OUTPUT
Error: failed to listen on 127.0.0.1:1: listen tcp 127.0.0.1:1: bind: permission denied
Usage:
  omo-profiler web [flags]

Flags:
  -h, --help          help for web
      --host string   Host to bind (default "127.0.0.1")
      --no-open       Do not open the browser automatically
      --port int      Port to listen on (default 4747)

-> exit=1

===== same failure shape on `list`
Error: failed to list profiles: parse /tmp/tmp.arEwbyb9d0/clihome2/.omo/omo.json: invalid character 'o' in literal null (expecting 'u')
Usage:
  omo-profiler list [flags]

Flags:
  -h, --help   help for list

-> exit=1
